   Here is a listing of all the Apogee games to date.  The first
    section is the games that are in wide distribution.  This list
    is current as of Friday, July 15th, 1994.

    The number of episodes listed is the amount in the entire game
    series, not what's available for download.  Remember, only the
    FIRST episode of each of these series is legal material for
    uploading and downloading.

    SECTION I - Widely Available Games

    Game Title                              | Vers | BBS File     | Gr
    ===================================================================
 *% Mystic Towers (6 episodes)              | 1.1  | #1MYSTIC.ZIP | VGA
  % Hocus Pocus (4 episodes)                | 1.0  | #1HOCUS.ZIP  | VGA
  % Raptor: Call of the Shadows (3 eps)     | 1.1  | #1RAP11.ZIP  | VGA
  % Blake Stone:Aliens of Gold (6 episodes) | 2.1  | #1BS21.ZIP   | VGA
  % Duke Nukem II (4 episodes)              | 1.0  | #4DUKE.ZIP   | VGA
  % Halloween Harry (4 episodes)            | 1.2  | #1HH12.ZIP   | VGA
  % Wolfenstein 3D (6 episodes)             | 1.4  | #1WOLF14.ZIP | VGA
    Bio Menace (3 episodes)                 | 1.1  | #1BIO11.ZIP  | EGA
  % Monster Bash (3 episodes)               | 2.1  | #1BASH21.ZIP | EGA
    Commander Keen: Vorticons (3 episodes)  | 1.31 | #1KEEN.ZIP   | EGA
    Commander Keen: Goodbye Galaxy (2 eps)  | 1.4  | #4KEEN.ZIP   | EGA
    Cosmo's Cosmic Adventure (3 episodes)   | 1.4  | #1COSMO.ZIP  | EGA
    Duke Nukem (3 episodes)                 | 2.0  | #1DUKE.ZIP   | EGA
    Major Stryker (3 episodes)              | 1.4  | #1MAJR14.ZIP | EGA
    Crystal Caves (3 episodes)              | 1.0  | #1CRYSTL.ZIP | EGA
    Secret Agent (3 episodes)               | 1.0  | #1AGENT.ZIP  | EGA
    Math Rescue (3 episodes)                | 2.0  | #1MATH.ZIP   | EGA
    Word Rescue (3 episodes)                | 2.0  | #1RESCUE.ZIP | EGA
    Dark Ages (3 episodes)                  | 1.0  | #1DARK.ZIP   | EGA
    Paganitzu (3 episodes)                  | 1.02 | #1PAGA.ZIP   | CEGA
    Pharaoh's Tomb (4 episodes)             | 3.0  | #1TOMB.ZIP   | CGA
    Arctic Adventure (4 episodes)           | 2.0  | #1ARCTIC.ZIP | CGA
    Monuments of Mars (4 episodes)          | 1.0  | #1MARS.ZIP   | CGA
    The Kroz Series (7 episodes)            | 1.0  | #1KROZ.ZIP   | CGA

   * - New addition(s) since the last posting of the list.
   % - Due to the size of this game, there are also smaller ZIP files
       available that duplicate the large .ZIP file.
       Contact Joe Siegler for the exact filenames.

    Note: There was no release of v1.0 of Mystic Towers in the United
          States.  The first release of the game is v1.1.

    Section II - Apogee Slide Show Previews/Other Files
    ===================================================
  * Rise of the Triad Slide Show             #1ROTPIX.ZIP  VGA
  * Mystic Towers Slide Show                 #1MT-PIX.ZIP  VGA
    Hocus Pocus Slide Show                   #1HP-PIX.ZIP  VGA
    Blake Stone Slide Show #3                #1BSPIX3.ZIP  VGA
    Raptor Slide Show                        #1RAPPIX.ZIP  VGA
    Duke Nukem II Slide Show                 #4DN-PIX.ZIP  VGA
    Halloween Harry Slide Show #2            #1HHPIX2.ZIP  VGA
    Bio Menace Slide Show                    #1BM-PIX.ZIP  EGA
    Monster Bash Slide Show                  #1MB-PIX.ZIP  EGA

    Raptor v1.0 - v1.1 Patch - Shareware     RAPPAT-S.ZIP  N/A
    Raptor v1.0 - v1.1 Patch - Registered    RAPPAT-R.ZIP  N/A
    Blake Stone v2.1 Patch - Episodes 1-6    BS21PAT6.ZIP  N/A
    Blake Stone v2.0 Patch - Episodes 1-6    BSPATCH6.ZIP  N/A
    Halloween Harry GUS Patch                #1HH_GUS.ZIP  N/A
  * Apogee On-Disk Catalog File - Jul 94     APOG0794.ZIP  N/A

    Section III - Coming Products (All games are VGA)
    ================================================
    Wacky Wheels            Aug-Sep/94 - Fun Auto racing game!
    Blake Stone:Planet Strike  Fall/94 - Blake Stone retail sequel!
    Rise of the Triad 3D       Fall/94 - Digitized Actors & modem play!
    Stargunner                 Fall/94 - Horizontal really cool shooter
    Boppin                     Fall/94 - Puzzle game with 150 levels!
    Fumes                      Fall/94 - Racing game.  Modem & track editor!
    Megaloman                Winter/94 - Super-hero action.  256 colors!
    Realms of Chaos          Winter/94 - Fantasy platform adventure
    Monster Bash VGA           1stQ/95 - VGA graphic version of this classic!
    Shadow Warrior 3D          1stQ/95 - 3D Ninja Game, multi-player!
    Duke Nukem 3D              1stQ/95 - Duke's back in 3D!  Multi-player!
    Ruins 3D                   1stQ/95 - Action adventure in ancient pyramids

    Please note that these games may change their names before release, and
    that these released dates are ESTIMATES.  They are subject to change.

    Section IV - Discontinued Games
    ==============================
    All these games have been permanently discontinued.
    These are no longer available from Apogee.   If you have
    them on your BBS, you should remove them, since Apogee no
    longer ships the registered versions, nor provides support
    on them.  We do, however, retain the copyright on all of
    these games.

    The Thor Trilogy, SuperNova, Beyond the Titantic, Word Whiz,
    Trivia Whiz, Star Trek Trivia, Star Trek:TNG Trivia, and
    Jumpman Lives!.
